---
http_interactions:
- request:
    method: get
    uri: https://cs50.salesforce.com/services/data/v29.0/query?q=SELECT%20Id,%20Name%20FROM%20Book__c
    body:
      encoding: US-ASCII
      string: ''
    headers:
      User-Agent:
      - Faraday v0.9.2
      Authorization:
      - OAuth <SALESFORCE_TUTORSPECS_USER_OAUTH_TOKEN>
      Accept-Encoding:
      - gzip;q=1.0,deflate;q=0.6,identity;q=0.3
      Accept:
      - "*/*"
  response:
    status:
      code: 200
      message: OK
    headers:
      Date:
      - Fri, 27 Jan 2017 21:24:49 GMT
      Set-Cookie:
      - BrowserId=_1Kgbmw1SBastPtojikScw;Path=/;Domain=.salesforce.com;Expires=Tue,
        28-Mar-2017 21:24:50 GMT
      Expires:
      - Thu, 01 Jan 1970 00:00:00 GMT
      Sforce-Limit-Info:
      - api-usage=275/48000
      Content-Type:
      - application/json;charset=UTF-8
      Vary:
      - Accept-Encoding
      Transfer-Encoding:
      - chunked
    body:
      encoding: ASCII-8BIT
      string: '{"totalSize":2,"done":true,"records":[{"attributes":{"type":"Book__c","url":"/services/data/v29.0/sobjects/Book__c/a0Z3B000000UAiCUAW"},"Id":"a0Z3B000000UAiCUAW","Name":"Physics"},{"attributes":{"type":"Book__c","url":"/services/data/v29.0/sobjects/Book__c/a0Z3B000000UAi7UAG"},"Id":"a0Z3B000000UAi7UAG","Name":"Chemistry"}]}'
    http_version: 
  recorded_at: Fri, 27 Jan 2017 21:24:50 GMT
- request:
    method: get
    uri: https://cs50.salesforce.com/services/data/v29.0/query?q=SELECT%20Id,%20Name%20FROM%20Account
    body:
      encoding: US-ASCII
      string: ''
    headers:
      User-Agent:
      - Faraday v0.9.2
      Authorization:
      - OAuth <SALESFORCE_TUTORSPECS_USER_OAUTH_TOKEN>
      Accept-Encoding:
      - gzip;q=1.0,deflate;q=0.6,identity;q=0.3
      Accept:
      - "*/*"
  response:
    status:
      code: 200
      message: OK
    headers:
      Date:
      - Fri, 27 Jan 2017 21:24:51 GMT
      Set-Cookie:
      - BrowserId=gQ0KO0XzSHO8JPWrJVdIMw;Path=/;Domain=.salesforce.com;Expires=Tue,
        28-Mar-2017 21:24:51 GMT
      Expires:
      - Thu, 01 Jan 1970 00:00:00 GMT
      Sforce-Limit-Info:
      - api-usage=275/48000
      Content-Type:
      - application/json;charset=UTF-8
      Vary:
      - Accept-Encoding
      Transfer-Encoding:
      - chunked
    body:
      encoding: ASCII-8BIT
      string: '{"totalSize":1,"done":true,"records":[{"attributes":{"type":"Account","url":"/services/data/v29.0/sobjects/Account/0013B000009vJrCQAU"},"Id":"0013B000009vJrCQAU","Name":"JP
        University"}]}'
    http_version: 
  recorded_at: Fri, 27 Jan 2017 21:24:51 GMT
- request:
    method: get
    uri: https://cs50.salesforce.com/services/data/v29.0/query?q=SELECT%20Id,%20Status__c,%20Product__c,%20Account_Type__c,%20Book_Name__c,%20Class_Start_Date__c,%20Course_Name__c,%20Course_Code__c,%20External_ID__c,%20E_Created_Date__c,%20Error__c,%20General_Access_URL__c,%20Teacher_Join_URL__c,%20School_Name__c,%20Active_Teachers__c,%20Sections__c,%20Students_Using__c,%20TermYear__c,%20Opportunity__c,%20Individual_Adoption__c%20FROM%20OS_Ancillary__c%20WHERE%20(Id%20IN%20(%27a1S3B000000E0vtUAC%27))
    body:
      encoding: US-ASCII
      string: ''
    headers:
      User-Agent:
      - Faraday v0.9.2
      Authorization:
      - OAuth <SALESFORCE_TUTORSPECS_USER_OAUTH_TOKEN>
      Accept-Encoding:
      - gzip;q=1.0,deflate;q=0.6,identity;q=0.3
      Accept:
      - "*/*"
  response:
    status:
      code: 200
      message: OK
    headers:
      Date:
      - Fri, 27 Jan 2017 21:24:57 GMT
      Set-Cookie:
      - BrowserId=66W0IqiOTtKKSfX-nkkJfQ;Path=/;Domain=.salesforce.com;Expires=Tue,
        28-Mar-2017 21:24:57 GMT
      Expires:
      - Thu, 01 Jan 1970 00:00:00 GMT
      Sforce-Limit-Info:
      - api-usage=278/48000
      Content-Type:
      - application/json;charset=UTF-8
      Vary:
      - Accept-Encoding
      Transfer-Encoding:
      - chunked
    body:
      encoding: ASCII-8BIT
      string: '{"totalSize":1,"done":true,"records":[{"attributes":{"type":"OS_Ancillary__c","url":"/services/data/v29.0/sobjects/OS_Ancillary__c/a1S3B000000E0vtUAC"},"Id":"a1S3B000000E0vtUAC","Status__c":null,"Product__c":"Tutor","Account_Type__c":null,"Book_Name__c":"Chemistry","Class_Start_Date__c":"2017-01-01","Course_Name__c":null,"Course_Code__c":null,"External_ID__c":null,"E_Created_Date__c":null,"Error__c":null,"General_Access_URL__c":null,"Teacher_Join_URL__c":null,"School_Name__c":"JP
        University","Active_Teachers__c":null,"Sections__c":null,"Students_Using__c":null,"TermYear__c":"2016
        - 17 Spring","Opportunity__c":null,"Individual_Adoption__c":"a1W3B000000VayYUAS"}]}'
    http_version: 
  recorded_at: Fri, 27 Jan 2017 21:24:57 GMT
- request:
    method: patch
    uri: https://cs50.salesforce.com/services/data/v29.0/sobjects/OS_Ancillary__c/a1S3B000000E0vtUAC
    body:
      encoding: UTF-8
      string: '{"Status__c":"Approved","External_ID__c":1,"E_Created_Date__c":"2017-01-27T21:24:52Z","Teacher_Join_URL__c":"http://localhost:3001/teach/e9429f381e53ef349ef60d13af1fddd8/DO_NOT_GIVE_TO_STUDENTS","Active_Teachers__c":1,"Sections__c":2,"Students_Using__c":6}'
    headers:
      User-Agent:
      - Faraday v0.9.2
      Content-Type:
      - application/json
      Authorization:
      - OAuth <SALESFORCE_TUTORSPECS_USER_OAUTH_TOKEN>
      Accept-Encoding:
      - gzip;q=1.0,deflate;q=0.6,identity;q=0.3
      Accept:
      - "*/*"
  response:
    status:
      code: 204
      message: No Content
    headers:
      Date:
      - Fri, 27 Jan 2017 21:24:58 GMT
      Set-Cookie:
      - BrowserId=SEWZiKD0SYexXuRSlciN0g;Path=/;Domain=.salesforce.com;Expires=Tue,
        28-Mar-2017 21:24:58 GMT
      Expires:
      - Thu, 01 Jan 1970 00:00:00 GMT
      Sforce-Limit-Info:
      - api-usage=277/48000
    body:
      encoding: UTF-8
      string: ''
    http_version: 
  recorded_at: Fri, 27 Jan 2017 21:24:58 GMT
- request:
    method: get
    uri: https://cs50.salesforce.com/services/data/v29.0/query?q=SELECT%20Id,%20Status__c,%20Product__c,%20Account_Type__c,%20Book_Name__c,%20Class_Start_Date__c,%20Course_Name__c,%20Course_Code__c,%20External_ID__c,%20E_Created_Date__c,%20Error__c,%20General_Access_URL__c,%20Teacher_Join_URL__c,%20School_Name__c,%20Active_Teachers__c,%20Sections__c,%20Students_Using__c,%20TermYear__c,%20Opportunity__c,%20Individual_Adoption__c%20FROM%20OS_Ancillary__c%20WHERE%20(Id%20=%20%27a1S3B000000E0vtUAC%27)%20LIMIT%201
    body:
      encoding: US-ASCII
      string: ''
    headers:
      User-Agent:
      - Faraday v0.9.2
      Authorization:
      - OAuth <SALESFORCE_TUTORSPECS_USER_OAUTH_TOKEN>
      Accept-Encoding:
      - gzip;q=1.0,deflate;q=0.6,identity;q=0.3
      Accept:
      - "*/*"
  response:
    status:
      code: 200
      message: OK
    headers:
      Date:
      - Fri, 27 Jan 2017 21:24:59 GMT
      Set-Cookie:
      - BrowserId=A1fapPu-Rj-E6TXfTW_AZA;Path=/;Domain=.salesforce.com;Expires=Tue,
        28-Mar-2017 21:24:59 GMT
      Expires:
      - Thu, 01 Jan 1970 00:00:00 GMT
      Sforce-Limit-Info:
      - api-usage=278/48000
      Content-Type:
      - application/json;charset=UTF-8
      Vary:
      - Accept-Encoding
      Transfer-Encoding:
      - chunked
    body:
      encoding: ASCII-8BIT
      string: '{"totalSize":1,"done":true,"records":[{"attributes":{"type":"OS_Ancillary__c","url":"/services/data/v29.0/sobjects/OS_Ancillary__c/a1S3B000000E0vtUAC"},"Id":"a1S3B000000E0vtUAC","Status__c":"Approved","Product__c":"Tutor","Account_Type__c":null,"Book_Name__c":"Chemistry","Class_Start_Date__c":"2017-01-01","Course_Name__c":null,"Course_Code__c":null,"External_ID__c":"1","E_Created_Date__c":"2017-01-27T21:24:52.000+0000","Error__c":null,"General_Access_URL__c":"https://tutor.openstax.org/courses/1/dashboard","Teacher_Join_URL__c":"http://localhost:3001/teach/e9429f381e53ef349ef60d13af1fddd8/DO_NOT_GIVE_TO_STUDENTS","School_Name__c":"JP
        University","Active_Teachers__c":1.0,"Sections__c":2.0,"Students_Using__c":6.0,"TermYear__c":"2016
        - 17 Spring","Opportunity__c":null,"Individual_Adoption__c":"a1W3B000000VayYUAS"}]}'
    http_version: 
  recorded_at: Fri, 27 Jan 2017 21:24:59 GMT
- request:
    method: post
    uri: https://cs50.salesforce.com/services/data/v29.0/sobjects/Contact
    body:
      encoding: UTF-8
      string: '{"FirstName":"Laurianne","LastName":"Doyle","AccountId":"0013B000009vJrCQAU"}'
    headers:
      User-Agent:
      - Faraday v0.9.2
      Content-Type:
      - application/json
      Authorization:
      - OAuth <SALESFORCE_TUTORSPECS_USER_OAUTH_TOKEN>
      Accept-Encoding:
      - gzip;q=1.0,deflate;q=0.6,identity;q=0.3
      Accept:
      - "*/*"
  response:
    status:
      code: 201
      message: Created
    headers:
      Date:
      - Fri, 27 Jan 2017 21:25:45 GMT
      Set-Cookie:
      - BrowserId=eW7n1YLVSQKqtCGEwjnFTg;Path=/;Domain=.salesforce.com;Expires=Tue,
        28-Mar-2017 21:25:45 GMT
      Expires:
      - Thu, 01 Jan 1970 00:00:00 GMT
      Sforce-Limit-Info:
      - api-usage=291/48000
      Location:
      - "/services/data/v29.0/sobjects/Contact/0033B000008kpAiQAI"
      Content-Type:
      - application/json;charset=UTF-8
      Vary:
      - Accept-Encoding
      Transfer-Encoding:
      - chunked
    body:
      encoding: ASCII-8BIT
      string: '{"id":"0033B000008kpAiQAI","success":true,"errors":[]}'
    http_version: 
  recorded_at: Fri, 27 Jan 2017 21:25:46 GMT
- request:
    method: post
    uri: https://cs50.salesforce.com/services/data/v29.0/sobjects/Individual_Adoption__c
    body:
      encoding: UTF-8
      string: '{"Contact__c":"0033B000008kpAiQAI","Class_Start_Date__c":"2017-01-01","Book__c":"a0Z3B000000UAi7UAG","Account__c":"0013B000009vJrCQAU"}'
    headers:
      User-Agent:
      - Faraday v0.9.2
      Content-Type:
      - application/json
      Authorization:
      - OAuth <SALESFORCE_TUTORSPECS_USER_OAUTH_TOKEN>
      Accept-Encoding:
      - gzip;q=1.0,deflate;q=0.6,identity;q=0.3
      Accept:
      - "*/*"
  response:
    status:
      code: 201
      message: Created
    headers:
      Date:
      - Fri, 27 Jan 2017 21:25:47 GMT
      Set-Cookie:
      - BrowserId=V5cs62LfT86Loau8RLFRkg;Path=/;Domain=.salesforce.com;Expires=Tue,
        28-Mar-2017 21:25:47 GMT
      Expires:
      - Thu, 01 Jan 1970 00:00:00 GMT
      Sforce-Limit-Info:
      - api-usage=294/48000
      Location:
      - "/services/data/v29.0/sobjects/Individual_Adoption__c/a1W3B000000VaysUAC"
      Content-Type:
      - application/json;charset=UTF-8
      Vary:
      - Accept-Encoding
      Transfer-Encoding:
      - chunked
    body:
      encoding: ASCII-8BIT
      string: '{"id":"a1W3B000000VaysUAC","success":true,"errors":[]}'
    http_version: 
  recorded_at: Fri, 27 Jan 2017 21:25:47 GMT
- request:
    method: post
    uri: https://cs50.salesforce.com/services/data/v29.0/sobjects/OS_Ancillary__c
    body:
      encoding: UTF-8
      string: '{"Product__c":"Tutor","Individual_Adoption__c":"a1W3B000000VaysUAC"}'
    headers:
      User-Agent:
      - Faraday v0.9.2
      Content-Type:
      - application/json
      Authorization:
      - OAuth <SALESFORCE_TUTORSPECS_USER_OAUTH_TOKEN>
      Accept-Encoding:
      - gzip;q=1.0,deflate;q=0.6,identity;q=0.3
      Accept:
      - "*/*"
  response:
    status:
      code: 201
      message: Created
    headers:
      Date:
      - Fri, 27 Jan 2017 21:25:48 GMT
      Set-Cookie:
      - BrowserId=EOnh-VKJQom0FiToCMfaYw;Path=/;Domain=.salesforce.com;Expires=Tue,
        28-Mar-2017 21:25:48 GMT
      Expires:
      - Thu, 01 Jan 1970 00:00:00 GMT
      Sforce-Limit-Info:
      - api-usage=295/48000
      Location:
      - "/services/data/v29.0/sobjects/OS_Ancillary__c/a1S3B000000E0wDUAS"
      Content-Type:
      - application/json;charset=UTF-8
      Vary:
      - Accept-Encoding
      Transfer-Encoding:
      - chunked
    body:
      encoding: ASCII-8BIT
      string: '{"id":"a1S3B000000E0wDUAS","success":true,"errors":[]}'
    http_version: 
  recorded_at: Fri, 27 Jan 2017 21:25:48 GMT
- request:
    method: get
    uri: https://cs50.salesforce.com/services/data/v29.0/query?q=SELECT%20Id,%20Status__c,%20Product__c,%20Account_Type__c,%20Book_Name__c,%20Class_Start_Date__c,%20Course_Name__c,%20Course_Code__c,%20External_ID__c,%20E_Created_Date__c,%20Error__c,%20General_Access_URL__c,%20Teacher_Join_URL__c,%20School_Name__c,%20Active_Teachers__c,%20Sections__c,%20Students_Using__c,%20TermYear__c,%20Opportunity__c,%20Individual_Adoption__c%20FROM%20OS_Ancillary__c%20WHERE%20(Id%20IN%20(%27a1S3B000000E0wDUAS%27))
    body:
      encoding: US-ASCII
      string: ''
    headers:
      User-Agent:
      - Faraday v0.9.2
      Authorization:
      - OAuth <SALESFORCE_TUTORSPECS_USER_OAUTH_TOKEN>
      Accept-Encoding:
      - gzip;q=1.0,deflate;q=0.6,identity;q=0.3
      Accept:
      - "*/*"
  response:
    status:
      code: 200
      message: OK
    headers:
      Date:
      - Fri, 27 Jan 2017 21:25:49 GMT
      Set-Cookie:
      - BrowserId=6JhWBgpSTaaGnUa7zP5hUw;Path=/;Domain=.salesforce.com;Expires=Tue,
        28-Mar-2017 21:25:49 GMT
      Expires:
      - Thu, 01 Jan 1970 00:00:00 GMT
      Sforce-Limit-Info:
      - api-usage=293/48000
      Content-Type:
      - application/json;charset=UTF-8
      Vary:
      - Accept-Encoding
      Transfer-Encoding:
      - chunked
    body:
      encoding: ASCII-8BIT
      string: '{"totalSize":1,"done":true,"records":[{"attributes":{"type":"OS_Ancillary__c","url":"/services/data/v29.0/sobjects/OS_Ancillary__c/a1S3B000000E0wDUAS"},"Id":"a1S3B000000E0wDUAS","Status__c":null,"Product__c":"Tutor","Account_Type__c":null,"Book_Name__c":"Chemistry","Class_Start_Date__c":"2017-01-01","Course_Name__c":null,"Course_Code__c":null,"External_ID__c":null,"E_Created_Date__c":null,"Error__c":null,"General_Access_URL__c":null,"Teacher_Join_URL__c":null,"School_Name__c":"JP
        University","Active_Teachers__c":null,"Sections__c":null,"Students_Using__c":null,"TermYear__c":"2016
        - 17 Spring","Opportunity__c":null,"Individual_Adoption__c":"a1W3B000000VaysUAC"}]}'
    http_version: 
  recorded_at: Fri, 27 Jan 2017 21:25:49 GMT
- request:
    method: patch
    uri: https://cs50.salesforce.com/services/data/v29.0/sobjects/OS_Ancillary__c/a1S3B000000E0wDUAS
    body:
      encoding: UTF-8
      string: '{"Status__c":"Approved","External_ID__c":4,"E_Created_Date__c":"2017-01-27T21:25:43Z","Teacher_Join_URL__c":"http://localhost:3001/teach/4359ba927a6c8c4c92a5a1b07e7c7352/DO_NOT_GIVE_TO_STUDENTS","Active_Teachers__c":1,"Sections__c":2,"Students_Using__c":6}'
    headers:
      User-Agent:
      - Faraday v0.9.2
      Content-Type:
      - application/json
      Authorization:
      - OAuth <SALESFORCE_TUTORSPECS_USER_OAUTH_TOKEN>
      Accept-Encoding:
      - gzip;q=1.0,deflate;q=0.6,identity;q=0.3
      Accept:
      - "*/*"
  response:
    status:
      code: 204
      message: No Content
    headers:
      Date:
      - Fri, 27 Jan 2017 21:25:49 GMT
      Set-Cookie:
      - BrowserId=aitx4ky3Qramr_2gNxx7TA;Path=/;Domain=.salesforce.com;Expires=Tue,
        28-Mar-2017 21:25:49 GMT
      Expires:
      - Thu, 01 Jan 1970 00:00:00 GMT
      Sforce-Limit-Info:
      - api-usage=299/48000
    body:
      encoding: UTF-8
      string: ''
    http_version: 
  recorded_at: Fri, 27 Jan 2017 21:25:49 GMT
- request:
    method: get
    uri: https://cs50.salesforce.com/services/data/v29.0/query?q=SELECT%20Id,%20Status__c,%20Product__c,%20Account_Type__c,%20Book_Name__c,%20Class_Start_Date__c,%20Course_Name__c,%20Course_Code__c,%20External_ID__c,%20E_Created_Date__c,%20Error__c,%20General_Access_URL__c,%20Teacher_Join_URL__c,%20School_Name__c,%20Active_Teachers__c,%20Sections__c,%20Students_Using__c,%20TermYear__c,%20Opportunity__c,%20Individual_Adoption__c%20FROM%20OS_Ancillary__c%20WHERE%20(Id%20=%20%27a1S3B000000E0wDUAS%27)%20LIMIT%201
    body:
      encoding: US-ASCII
      string: ''
    headers:
      User-Agent:
      - Faraday v0.9.2
      Authorization:
      - OAuth <SALESFORCE_TUTORSPECS_USER_OAUTH_TOKEN>
      Accept-Encoding:
      - gzip;q=1.0,deflate;q=0.6,identity;q=0.3
      Accept:
      - "*/*"
  response:
    status:
      code: 200
      message: OK
    headers:
      Date:
      - Fri, 27 Jan 2017 21:25:50 GMT
      Set-Cookie:
      - BrowserId=8vlD_QxJT7Og__-abQZBCw;Path=/;Domain=.salesforce.com;Expires=Tue,
        28-Mar-2017 21:25:50 GMT
      Expires:
      - Thu, 01 Jan 1970 00:00:00 GMT
      Sforce-Limit-Info:
      - api-usage=296/48000
      Content-Type:
      - application/json;charset=UTF-8
      Vary:
      - Accept-Encoding
      Transfer-Encoding:
      - chunked
    body:
      encoding: ASCII-8BIT
      string: '{"totalSize":1,"done":true,"records":[{"attributes":{"type":"OS_Ancillary__c","url":"/services/data/v29.0/sobjects/OS_Ancillary__c/a1S3B000000E0wDUAS"},"Id":"a1S3B000000E0wDUAS","Status__c":"Approved","Product__c":"Tutor","Account_Type__c":null,"Book_Name__c":"Chemistry","Class_Start_Date__c":"2017-01-01","Course_Name__c":null,"Course_Code__c":null,"External_ID__c":"4","E_Created_Date__c":"2017-01-27T21:25:43.000+0000","Error__c":null,"General_Access_URL__c":"https://tutor.openstax.org/courses/4/dashboard","Teacher_Join_URL__c":"http://localhost:3001/teach/4359ba927a6c8c4c92a5a1b07e7c7352/DO_NOT_GIVE_TO_STUDENTS","School_Name__c":"JP
        University","Active_Teachers__c":1.0,"Sections__c":2.0,"Students_Using__c":6.0,"TermYear__c":"2016
        - 17 Spring","Opportunity__c":null,"Individual_Adoption__c":"a1W3B000000VaysUAC"}]}'
    http_version: 
  recorded_at: Fri, 27 Jan 2017 21:25:50 GMT
recorded_with: VCR 2.9.3
