---
http_interactions:
- request:
    method: post
    uri: https://cs50.salesforce.com/services/data/v29.0/sobjects/Contact
    body:
      encoding: UTF-8
      string: '{"FirstName":"Shawna","LastName":"Abbott","AccountId":"0013B000009vJrCQAU"}'
    headers:
      User-Agent:
      - Faraday v0.9.2
      Content-Type:
      - application/json
      Authorization:
      - OAuth <tutor_specs_oauth_token>
      Accept-Encoding:
      - gzip;q=1.0,deflate;q=0.6,identity;q=0.3
      Accept:
      - "*/*"
  response:
    status:
      code: 201
      message: Created
    headers:
      Date:
      - Sat, 28 Jan 2017 22:35:48 GMT
      Set-Cookie:
      - BrowserId=LbaeEyCtQ0yILSIz9lcY-g;Path=/;Domain=.salesforce.com;Expires=Wed,
        29-Mar-2017 22:35:48 GMT
      Expires:
      - Thu, 01 Jan 1970 00:00:00 GMT
      Sforce-Limit-Info:
      - api-usage=205/48000
      Location:
      - "/services/data/v29.0/sobjects/Contact/0033B000008kt11QAA"
      Content-Type:
      - application/json;charset=UTF-8
      Vary:
      - Accept-Encoding
      Transfer-Encoding:
      - chunked
    body:
      encoding: ASCII-8BIT
      string: '{"id":"0033B000008kt11QAA","success":true,"errors":[]}'
    http_version: 
  recorded_at: Sat, 28 Jan 2017 22:35:49 GMT
- request:
    method: get
    uri: https://cs50.salesforce.com/services/data/v29.0/query?q=SELECT%20Id,%20TermYear__c,%20Book_Text__c,%20Contact__c,%20Class_Start_Date__c,%20Book__c,%20Account__c%20FROM%20Individual_Adoption__c%20WHERE%20(Contact__c%20=%20%270033B000008kt11QAA%27)%20AND%20(Book_Text__c%20=%20%27Chemistry%27)%20AND%20(TermYear__c%20=%20%272016%20-%2017%20Spring%27)
    body:
      encoding: US-ASCII
      string: ''
    headers:
      User-Agent:
      - Faraday v0.9.2
      Authorization:
      - OAuth <tutor_specs_oauth_token>
      Accept-Encoding:
      - gzip;q=1.0,deflate;q=0.6,identity;q=0.3
      Accept:
      - "*/*"
  response:
    status:
      code: 200
      message: OK
    headers:
      Date:
      - Sat, 28 Jan 2017 22:35:50 GMT
      Set-Cookie:
      - BrowserId=yjguuk02SkCSnXOJVhHzrw;Path=/;Domain=.salesforce.com;Expires=Wed,
        29-Mar-2017 22:35:50 GMT
      Expires:
      - Thu, 01 Jan 1970 00:00:00 GMT
      Sforce-Limit-Info:
      - api-usage=209/48000
      Content-Type:
      - application/json;charset=UTF-8
      Vary:
      - Accept-Encoding
      Transfer-Encoding:
      - chunked
    body:
      encoding: ASCII-8BIT
      string: '{"totalSize":0,"done":true,"records":[]}'
    http_version: 
  recorded_at: Sat, 28 Jan 2017 22:35:50 GMT
- request:
    method: get
    uri: https://cs50.salesforce.com/services/data/v29.0/query?q=SELECT%20Id,%20Name,%20FirstName,%20LastName,%20Email,%20Email_alt__c,%20Faculty_Confirmed_Date__c,%20Faculty_Verified__c,%20LastModifiedDate,%20AccountId%20FROM%20Contact%20WHERE%20(Id%20=%20%270033B000008kt11QAA%27)%20LIMIT%201
    body:
      encoding: US-ASCII
      string: ''
    headers:
      User-Agent:
      - Faraday v0.9.2
      Authorization:
      - OAuth <tutor_specs_oauth_token>
      Accept-Encoding:
      - gzip;q=1.0,deflate;q=0.6,identity;q=0.3
      Accept:
      - "*/*"
  response:
    status:
      code: 200
      message: OK
    headers:
      Date:
      - Sat, 28 Jan 2017 22:35:50 GMT
      Set-Cookie:
      - BrowserId=d-Pu9hVVR26DiuO1-ichpQ;Path=/;Domain=.salesforce.com;Expires=Wed,
        29-Mar-2017 22:35:50 GMT
      Expires:
      - Thu, 01 Jan 1970 00:00:00 GMT
      Sforce-Limit-Info:
      - api-usage=209/48000
      Content-Type:
      - application/json;charset=UTF-8
      Vary:
      - Accept-Encoding
      Transfer-Encoding:
      - chunked
    body:
      encoding: ASCII-8BIT
      string: '{"totalSize":1,"done":true,"records":[{"attributes":{"type":"Contact","url":"/services/data/v29.0/sobjects/Contact/0033B000008kt11QAA"},"Id":"0033B000008kt11QAA","Name":"Shawna
        Abbott","FirstName":"Shawna","LastName":"Abbott","Email":null,"Email_alt__c":null,"Faculty_Confirmed_Date__c":null,"Faculty_Verified__c":null,"LastModifiedDate":"2017-01-28T22:35:49.000+0000","AccountId":"0013B000009vJrCQAU"}]}'
    http_version: 
  recorded_at: Sat, 28 Jan 2017 22:35:50 GMT
- request:
    method: get
    uri: https://cs50.salesforce.com/services/data/v29.0/query?q=SELECT%20Id,%20Name%20FROM%20Book__c
    body:
      encoding: US-ASCII
      string: ''
    headers:
      User-Agent:
      - Faraday v0.9.2
      Authorization:
      - OAuth <tutor_specs_oauth_token>
      Accept-Encoding:
      - gzip;q=1.0,deflate;q=0.6,identity;q=0.3
      Accept:
      - "*/*"
  response:
    status:
      code: 200
      message: OK
    headers:
      Date:
      - Sat, 28 Jan 2017 22:35:51 GMT
      Set-Cookie:
      - BrowserId=q9MFrmEMRfqvBpz4tFELhA;Path=/;Domain=.salesforce.com;Expires=Wed,
        29-Mar-2017 22:35:51 GMT
      Expires:
      - Thu, 01 Jan 1970 00:00:00 GMT
      Sforce-Limit-Info:
      - api-usage=210/48000
      Content-Type:
      - application/json;charset=UTF-8
      Vary:
      - Accept-Encoding
      Transfer-Encoding:
      - chunked
    body:
      encoding: ASCII-8BIT
      string: '{"totalSize":2,"done":true,"records":[{"attributes":{"type":"Book__c","url":"/services/data/v29.0/sobjects/Book__c/a0Z3B000000UAiCUAW"},"Id":"a0Z3B000000UAiCUAW","Name":"Physics"},{"attributes":{"type":"Book__c","url":"/services/data/v29.0/sobjects/Book__c/a0Z3B000000UAi7UAG"},"Id":"a0Z3B000000UAi7UAG","Name":"Chemistry"}]}'
    http_version: 
  recorded_at: Sat, 28 Jan 2017 22:35:51 GMT
- request:
    method: post
    uri: https://cs50.salesforce.com/services/data/v29.0/sobjects/Individual_Adoption__c
    body:
      encoding: UTF-8
      string: '{"Contact__c":"0033B000008kt11QAA","Class_Start_Date__c":"2017-01-01","Book__c":"a0Z3B000000UAi7UAG"}'
    headers:
      User-Agent:
      - Faraday v0.9.2
      Content-Type:
      - application/json
      Authorization:
      - OAuth <tutor_specs_oauth_token>
      Accept-Encoding:
      - gzip;q=1.0,deflate;q=0.6,identity;q=0.3
      Accept:
      - "*/*"
  response:
    status:
      code: 400
      message: Bad Request
    headers:
      Date:
      - Sat, 28 Jan 2017 22:35:51 GMT
      Set-Cookie:
      - BrowserId=iYpHzs7-QnaCNrQw1MpFKg;Path=/;Domain=.salesforce.com;Expires=Wed,
        29-Mar-2017 22:35:51 GMT
      Expires:
      - Thu, 01 Jan 1970 00:00:00 GMT
      Sforce-Limit-Info:
      - api-usage=206/48000
      Content-Type:
      - application/json;charset=UTF-8
      Transfer-Encoding:
      - chunked
    body:
      encoding: UTF-8
      string: '[{"message":"Required fields are missing: [Account__c]","errorCode":"REQUIRED_FIELD_MISSING","fields":["Account__c"]}]'
    http_version: 
  recorded_at: Sat, 28 Jan 2017 22:35:51 GMT
recorded_with: VCR 2.9.3
